[    0.000000] Initializing cgroup subsys cpuset
[    0.000000] Initializing cgroup subsys cpu
[    0.000000] Initializing cgroup subsys cpuacct
[    0.000000] Linux version 4.4.0-128-generic (buildd@lcy01-amd64-019) (gcc version 5.4.0 20160609 (Ubuntu 5.4.0-6ubuntu1~16.04.9) ) #154-Ubuntu SMP Fri May 25 14:15:18 UTC 2018 (Ubuntu 4.4.0-128.154-generic 4.4.131)
[    0.000000] Command line: BOOT_IMAGE=/boot/vmlinuz-4.4.0-128-generic root=LABEL=cloudimg-rootfs ro console=tty1 console=ttyS0
[    0.000000] KERNEL supported cpus:
[    0.000000]   Intel GenuineIntel
[    0.000000]   AMD AuthenticAMD
[    0.000000]   Centaur CentaurHauls
[    0.000000] x86/fpu: xstate_offset[2]:  576, xstate_sizes[2]:  256
[    0.000000] x86/fpu: Supporting XSAVE feature 0x01: 'x87 floating point registers'
[    0.000000] x86/fpu: Supporting XSAVE feature 0x02: 'SSE registers'
[    0.000000] x86/fpu: Supporting XSAVE feature 0x04: 'AVX registers'
[    0.000000] x86/fpu: Enabled xstate features 0x7, context size is 832 bytes, using 'standard' format.
[    0.000000] x86/fpu: Using 'lazy' FPU context switches.
[    0.000000] e820: BIOS-provided physical RAM map:
[    0.000000] BIOS-e820: [mem 0x0000000000000000-0x000000000009fbff] usable
[    0.000000] BIOS-e820: [mem 0x000000000009fc00-0x000000000009ffff] reserved
[    0.000000] BIOS-e820: [mem 0x00000000000f0000-0x00000000000fffff] reserved
[    0.000000] BIOS-e820: [mem 0x0000000000100000-0x000000003ffeffff] usable
[    0.000000] BIOS-e820: [mem 0x000000003fff0000-0x000000003fffffff] ACPI data
[    0.000000] BIOS-e820: [mem 0x00000000fec00000-0x00000000fec00fff] reserved
[    0.000000] BIOS-e820: [mem 0x00000000fee00000-0x00000000fee00fff] reserved
[    0.000000] BIOS-e820: [mem 0x00000000fffc0000-0x00000000ffffffff] reserved
[    0.000000] NX (Execute Disable) protection: active
[    0.000000] SMBIOS 2.5 present.
[    0.000000] Hypervisor detected: KVM
[    0.000000] e820: last_pfn = 0x3fff0 max_arch_pfn = 0x400000000
[    0.000000] MTRR: Disabled
[    0.000000] x86/PAT: MTRRs disabled, skipping PAT initialization too.
[    0.000000] CPU MTRRs all blank - virtualized system.
[    0.000000] x86/PAT: Configuration [0-7]: WB  WT  UC- UC  WB  WT  UC- UC  
[    0.000000] found SMP MP-table at [mem 0x0009fff0-0x0009ffff] mapped at [ffff88000009fff0]
[    0.000000] Scanning 1 areas for low memory corruption
[    0.000000] RAMDISK: [mem 0x36aa2000-0x37548fff]
[    0.000000] ACPI: Early table checksum verification disabled
[    0.000000] ACPI: RSDP 0x00000000000E0000 000024 (v02 VBOX  )
[    0.000000] ACPI: XSDT 0x000000003FFF0030 00003C (v01 VBOX   VBOXXSDT 00000001 ASL  00000061)
[    0.000000] ACPI: FACP 0x000000003FFF00F0 0000F4 (v04 VBOX   VBOXFACP 00000001 ASL  00000061)
[    0.000000] ACPI: DSDT 0x000000003FFF0470 0021FF (v02 VBOX   VBOXBIOS 00000002 INTL 20100528)
[    0.000000] ACPI: FACS 0x000000003FFF0200 000040
[    0.000000] ACPI: FACS 0x000000003FFF0200 000040
[    0.000000] ACPI: APIC 0x000000003FFF0240 00005C (v02 VBOX   VBOXAPIC 00000001 ASL  00000061)
[    0.000000] ACPI: SSDT 0x000000003FFF02A0 0001CC (v01 VBOX   VBOXCPUT 00000002 INTL 20100528)
[    0.000000] No NUMA configuration found
[    0.000000] Faking a node at [mem 0x0000000000000000-0x000000003ffeffff]
[    0.000000] NODE_DATA(0) allocated [mem 0x3ffeb000-0x3ffeffff]
[    0.000000] kvm-clock: Using msrs 4b564d01 and 4b564d00
[    0.000000] kvm-clock: cpu 0, msr 0:3ffe3001, primary cpu clock
[    0.000000] kvm-clock: using sched offset of 3224742351 cycles
[    0.000000] clocksource: kvm-clock: mask: 0xffffffffffffffff max_cycles: 0x1cd42e4dffb, max_idle_ns: 881590591483 ns
[    0.000000] Zone ranges:
[    0.000000]   DMA      [mem 0x0000000000001000-0x0000000000ffffff]
[    0.000000]   DMA32    [mem 0x0000000001000000-0x000000003ffeffff]
[    0.000000]   Normal   empty
[    0.000000]   Device   empty
[    0.000000] Movable zone start for each node
[    0.000000] Early memory node ranges
[    0.000000]   node   0: [mem 0x0000000000001000-0x000000000009efff]
[    0.000000]   node   0: [mem 0x0000000000100000-0x000000003ffeffff]
[    0.000000] Initmem setup node 0 [mem 0x0000000000001000-0x000000003ffeffff]
[    0.000000] ACPI: PM-Timer IO Port: 0x4008
[    0.000000] IOAPIC[0]: apic_id 2, version 32, address 0xfec00000, GSI 0-23
[    0.000000] ACPI: INT_SRC_OVR (bus 0 bus_irq 0 global_irq 2 dfl dfl)
[    0.000000] ACPI: INT_SRC_OVR (bus 0 bus_irq 9 global_irq 9 high level)
[    0.000000] Using ACPI (MADT) for SMP configuration information
[    0.000000] smpboot: Allowing 2 CPUs, 0 hotplug CPUs
[    0.000000] PM: Registered nosave memory: [mem 0x00000000-0x00000fff]
[    0.000000] PM: Registered nosave memory: [mem 0x0009f000-0x0009ffff]
[    0.000000] PM: Registered nosave memory: [mem 0x000a0000-0x000effff]
[    0.000000] PM: Registered nosave memory: [mem 0x000f0000-0x000fffff]
[    0.000000] e820: [mem 0x40000000-0xfebfffff] available for PCI devices
[    0.000000] Booting paravirtualized kernel on KVM
[    0.000000] clocksource: refined-jiffies: mask: 0xffffffff max_cycles: 0xffffffff, max_idle_ns: 7645519600211568 ns
[    0.000000] setup_percpu: NR_CPUS:512 nr_cpumask_bits:512 nr_cpu_ids:2 nr_node_ids:1
[    0.000000] PERCPU: Embedded 34 pages/cpu @ffff88003fc00000 s99544 r8192 d31528 u1048576
[    0.000000] PV qspinlock hash table entries: 256 (order: 0, 4096 bytes)
[    0.000000] Built 1 zonelists in Node order, mobility grouping on.  Total pages: 257912
[    0.000000] Policy zone: DMA32
[    0.000000] Kernel command line: BOOT_IMAGE=/boot/vmlinuz-4.4.0-128-generic root=LABEL=cloudimg-rootfs ro console=tty1 console=ttyS0
[    0.000000] PID hash table entries: 4096 (order: 3, 32768 bytes)
[    0.000000] Memory: 1001612K/1048120K available (8541K kernel code, 1313K rwdata, 4000K rodata, 1512K init, 1316K bss, 46508K reserved, 0K cma-reserved)
[    0.000000] SLUB: HWalign=64, Order=0-3, MinObjects=0, CPUs=2, Nodes=1
[    0.000000] Kernel/User page tables isolation: enabled
[    0.000000] Hierarchical RCU implementation.
[    0.000000] 	Build-time adjustment of leaf fanout to 64.
[    0.000000] 	RCU restricting CPUs from NR_CPUS=512 to nr_cpu_ids=2.
[    0.000000] RCU: Adjusting geometry for rcu_fanout_leaf=64, nr_cpu_ids=2
[    0.000000] NR_IRQS:33024 nr_irqs:440 16
[    0.000000] Console: colour VGA+ 80x25
[    0.000000] console [tty1] enabled
[    0.000000] console [ttyS0] enabled
[    0.000000] tsc: Detected 2712.002 MHz processor
[   21.423959] Calibrating delay loop (skipped) preset value.. 5424.00 BogoMIPS (lpj=10848008)
[   21.708441] pid_max: default: 32768 minimum: 301
[   21.871833] ACPI: Core revision 20150930
[   22.013708] ACPI: 2 ACPI AML tables successfully acquired and loaded
[   22.245548] Security Framework initialized
[   22.388722] Yama: becoming mindful.
[   22.510638] AppArmor: AppArmor initialized
[   22.655729] Dentry cache hash table entries: 131072 (order: 8, 1048576 bytes)
[   22.912582] Inode-cache hash table entries: 65536 (order: 7, 524288 bytes)
[   23.147175] Mount-cache hash table entries: 2048 (order: 2, 16384 bytes)
[   23.400917] Mountpoint-cache hash table entries: 2048 (order: 2, 16384 bytes)
[   23.644078] Initializing cgroup subsys io
[   23.773828] Initializing cgroup subsys memory
[   23.908877] Initializing cgroup subsys devices
[   24.052891] Initializing cgroup subsys freezer
[   24.192883] Initializing cgroup subsys net_cls
[   24.341327] Initializing cgroup subsys perf_event
[   24.500848] Initializing cgroup subsys net_prio
[   24.659841] Initializing cgroup subsys hugetlb
[   24.786331] Initializing cgroup subsys pids
[   24.928529] CPU: Physical Processor ID: 0
[   25.066834] CPU: Processor Core ID: 0
[   25.189893] mce: CPU supports 0 MCE banks
[   25.319394] Last level iTLB entries: 4KB 128, 2MB 8, 4MB 8
[   25.497910] Last level dTLB entries: 4KB 64, 2MB 0, 4MB 0, 1GB 4
[   25.708429] Spectre V2 : Mitigation: Full generic retpoline
[   25.873362] Spectre V2 : Speculation control IBPB not-supported IBRS not-supported
[   26.111998] Spectre V2 : Filling RSB on context switch
[   26.292845] Speculative Store Bypass: Vulnerable
[   26.452220] Freeing SMP alternatives memory: 32K
[   26.613652] ftrace: allocating 32236 entries in 126 pages
[   26.859971] smpboot: APIC(0) Converting physical 0 to logical package 0
[   27.088888] smpboot: Max logical packages: 1
[   27.237247] x2apic enabled
[   27.342014] Switched APIC routing to physical x2apic.
[   27.484060] ..TIMER: vector=0x30 apic1=0 pin1=2 apic2=-1 pin2=-1
[   27.809028] smpboot: CPU0: Intel(R) Core(TM) i5-6400 CPU @ 2.70GHz (family: 0x6, model: 0x5e, stepping: 0x3)
[   28.103895] Performance Events: unsupported p6 CPU model 94 no PMU driver, software events only.
[   28.407521] KVM setup paravirtual spinlock
[   28.549981] x86: Booting SMP configuration:
[   28.693824] .... node  #0, CPUs:      #1
[   28.829721] kvm-clock: cpu 1, msr 0:3ffe3041, secondary cpu clock
[   29.003655] mce: CPU supports 0 MCE banks
[   29.116511] x86: Booted up 1 node, 2 CPUs
[   29.247559] smpboot: Total of 2 processors activated (10848.00 BogoMIPS)
[   29.472351] devtmpfs: initialized
[   29.587450] evm: security.selinux
[   29.686407] evm: security.SMACK64
[   29.790840] evm: security.SMACK64EXEC
[   29.921832] evm: security.SMACK64TRANSMUTE
[   30.053024] evm: security.SMACK64MMAP
[   30.148821] evm: security.ima
[   30.250757] evm: security.capability
[   30.372599] clocksource: jiffies: mask: 0xffffffff max_cycles: 0xffffffff, max_idle_ns: 7645041785100000 ns
[   30.704659] futex hash table entries: 512 (order: 3, 32768 bytes)
[   30.919095] pinctrl core: initialized pinctrl subsystem
[   31.087494] RTC time:  6:25:40, date: 06/27/18
[   31.229998] NET: Registered protocol family 16
[   31.377627] cpuidle: using governor ladder
[   31.534580] cpuidle: using governor menu
[   31.664326] PCCT header not found.
[   31.796339] ACPI: bus type PCI registered
[   31.939316] acpiphp: ACPI Hot Plug PCI Controller Driver version: 0.5
[   32.148507] PCI: Using configuration type 1 for base access
[   32.311599] ACPI: Added _OSI(Module Device)
[   32.460324] ACPI: Added _OSI(Processor Device)
[   32.615643] ACPI: Added _OSI(3.0 _SCP Extensions)
[   32.787817] ACPI: Added _OSI(Processor Aggregator Device)
[   32.970068] ACPI: Executed 1 blocks of module-level executable AML code
[   33.194494] ACPI: Interpreter enabled
[   33.298292] ACPI: (supports S0 S5)
[   33.404777] ACPI: Using IOAPIC for interrupt routing
[   33.575820] PCI: Using host bridge windows from ACPI; if necessary, use "pci=nocrs" and report a bug
[   33.907325] ACPI: PCI Root Bridge [PCI0] (domain 0000 [bus 00-ff])
[   34.114863] acpi PNP0A03:00: _OSC: OS supports [ASPM ClockPM Segments MSI]
[   34.341393] acpi PNP0A03:00: _OSC: not requesting OS control; OS requires [ExtendedConfig ASPM ClockPM MSI]
[   34.667658] acpi PNP0A03:00: fail to add MMCONFIG information, can't access extended PCI configuration space under this bridge.
[   35.061130] PCI host bridge to bus 0000:00
[   35.197829] pci_bus 0000:00: root bus resource [io  0x0000-0x0cf7 window]
[   35.420945] pci_bus 0000:00: root bus resource [io  0x0d00-0xffff window]
[   35.601898] pci_bus 0000:00: root bus resource [mem 0x000a0000-0x000bffff window]
[   35.853087] pci_bus 0000:00: root bus resource [mem 0x40000000-0xffdfffff window]
[   36.108165] pci_bus 0000:00: root bus resource [bus 00-ff]
[   36.303380] pci 0000:00:01.1: legacy IDE quirk: reg 0x10: [io  0x01f0-0x01f7]
[   36.541009] pci 0000:00:01.1: legacy IDE quirk: reg 0x14: [io  0x03f6]
[   36.751006] pci 0000:00:01.1: legacy IDE quirk: reg 0x18: [io  0x0170-0x0177]
[   36.974012] pci 0000:00:01.1: legacy IDE quirk: reg 0x1c: [io  0x0376]
[   37.213705] pci 0000:00:07.0: quirk: [io  0x4000-0x403f] claimed by PIIX4 ACPI
[   37.439593] pci 0000:00:07.0: quirk: [io  0x4100-0x410f] claimed by PIIX4 SMB
[   37.657100] ACPI: PCI Interrupt Link [LNKA] (IRQs 5 9 10 *11)
[   37.820603] ACPI: PCI Interrupt Link [LNKB] (IRQs 5 9 10 *11)
[   38.005389] ACPI: PCI Interrupt Link [LNKC] (IRQs 5 9 *10 11)
[   38.187412] ACPI: PCI Interrupt Link [LNKD] (IRQs 5 *9 10 11)
[   38.363579] ACPI: Enabled 2 GPEs in block 00 to 07
[   38.502580] vgaarb: setting as boot device: PCI:0000:00:02.0
[   38.688444] vgaarb: device added: PCI:0000:00:02.0,decodes=io+mem,owns=io+mem,locks=none
[   38.972576] vgaarb: loaded
[   39.072778] vgaarb: bridge control possible 0000:00:02.0
[   39.243081] SCSI subsystem initialized
[   39.384058] ACPI: bus type USB registered
[   39.526856] usbcore: registered new interface driver usbfs
[   39.719405] usbcore: registered new interface driver hub
[   39.891880] usbcore: registered new device driver usb
[   40.068400] PCI: Using ACPI for IRQ routing
[   40.219629] NetLabel: Initializing
[   40.341314] NetLabel:  domain hash size = 128
[   40.476863] NetLabel:  protocols = UNLABELED CIPSOv4
[   40.649834] NetLabel:  unlabeled traffic allowed by default
[   40.837552] amd_nb: Cannot enumerate AMD northbridges
[   40.999536] clocksource: Switched to clocksource kvm-clock
[   41.205621] AppArmor: AppArmor Filesystem Enabled
[   41.372434] pnp: PnP ACPI init
[   41.486107] pnp: PnP ACPI: found 3 devices
[   41.649913] clocksource: acpi_pm: mask: 0xffffff max_cycles: 0xffffff, max_idle_ns: 2085701024 ns
[   41.945611] NET: Registered protocol family 2
[   42.088398] TCP established hash table entries: 8192 (order: 4, 65536 bytes)
[   42.330366] TCP bind hash table entries: 8192 (order: 5, 131072 bytes)
[   42.522883] TCP: Hash tables configured (established 8192 bind 8192)
[   42.698260] UDP hash table entries: 512 (order: 2, 16384 bytes)
[   42.894862] UDP-Lite hash table entries: 512 (order: 2, 16384 bytes)
[   43.114383] NET: Registered protocol family 1
[   43.254799] pci 0000:00:00.0: Limiting direct PCI/PCI transfers
[   43.446853] pci 0000:00:01.0: Activating ISA DMA hang workarounds
[   43.643482] Unpacking initramfs...
[   45.417075] Freeing initrd memory: 10908K
[   45.540400] platform rtc_cmos: registered platform RTC device (no PNP device found)
[   45.795476] Scanning for low memory corruption every 60 seconds
[   45.991218] audit: initializing netlink subsys (disabled)
[   46.174352] audit: type=2000 audit(1530080720.468:1): initialized
[   46.381645] Initialise system trusted keyring
[   46.523013] HugeTLB registered 2 MB page size, pre-allocated 0 pages
[   46.743338] tsc: Refined TSC clocksource calibration: 2710.032 MHz
[   46.953445] clocksource: tsc: mask: 0xffffffffffffffff max_cycles: 0x271042ef753, max_idle_ns: 440795205009 ns
[   46.957192] zbud: loaded
ÿ[   46.957535] VFS: Disk quotas dquot_6.6.0
[   46.957558] VFS: Dquot-cache hash table entries: 512 (order 0, 4096 bytes)
[   46.957750] squashfs: version 4.0 (2009/01/31) Phillip Lougher
[   47.267700] fuse init (API version 7.23)
[   47.267855] Key type big_key registered
[   47.267876] Allocating IMA MOK and blacklist keyrings.
[   47.268103] Key type asymmetric registered
[   47.268105] Asymmetric key parser 'x509' registered
[   47.268137] Block layer SCSI generic (bsg) driver version 0.4 loaded (major 249)
[   47.268172] io scheduler noop registered
[   47.268174] io scheduler deadline registered (default)
[   47.268198] io scheduler cfq registered
[   47.268286] pci_hotplug: PCI Hot Plug PCI Core version: 0.5
[   47.268290] pciehp: PCI Express Hot Plug Controller Driver version: 0.4
[   47.268431] ACPI: AC Adapter [AC] (on-line)
[   47.268478] input: Power Button as /devices/LNXSYSTM:00/LNXPWRBN:00/input/input0
[   47.268481] ACPI: Power Button [PWRF]
[   47.268538] input: Sleep Button as /devices/LNXSYSTM:00/LNXSLPBN:00/input/input1
[   47.268540] ACPI: Sleep Button [SLPF]
[   47.268674] GHES: HEST is not enabled!
[   47.268742] Serial: 8250/16550 driver, 32 ports, IRQ sharing enabled
[   47.364381] 00:02: ttyS0 at I/O 0x3f8 (irq = 4, base_baud = 115200) is a 16550A
[   47.492041] Linux agpgart interface v0.103
[   47.710713] loop: module loaded
[   47.711181] scsi host0: ata_piix
[   47.711226] scsi host1: ata_piix
[   47.711250] ata1: PATA max UDMA/33 cmd 0x1f0 ctl 0x3f6 bmdma 0xd000 irq 14
[   47.711251] ata2: PATA max UDMA/33 cmd 0x170 ctl 0x376 bmdma 0xd008 irq 15
[   47.711308] libphy: Fixed MDIO Bus: probed
[   47.711310] tun: Universal TUN/TAP device driver, 1.6
[   47.711310] tun: (C) 1999-2004 Max Krasnyansky <maxk@qualcomm.com>
[   47.711589] PPP generic driver version 2.4.2
[   47.711629] ehci_hcd: USB 2.0 'Enhanced' Host Controller (EHCI) Driver
[   47.711631] ehci-pci: EHCI PCI platform driver
[   47.711637] ehci-platform: EHCI generic platform driver
[   47.711642] ohci_hcd: USB 1.1 'Open' Host Controller (OHCI) Driver
[   47.711644] ohci-pci: OHCI PCI platform driver
[   47.711650] ohci-platform: OHCI generic platform driver
[   47.711655] uhci_hcd: USB Universal Host Controller Interface driver
[   47.711694] i8042: PNP: PS/2 Controller [PNP0303:PS2K,PNP0f03:PS2M] at 0x60,0x64 irq 1,12
[   47.712113] serio: i8042 KBD port at 0x60,0x64 irq 1
[   47.712116] serio: i8042 AUX port at 0x60,0x64 irq 12
[   47.712195] mousedev: PS/2 mouse device common for all mice
[   47.712456] input: AT Translated Set 2 keyboard as /devices/platform/i8042/serio0/input/input2
[   47.712727] rtc_cmos rtc_cmos: rtc core: registered rtc_cmos as rtc0
[   47.712774] rtc_cmos rtc_cmos: alarms up to one day, 114 bytes nvram
[   47.712778] i2c /dev entries driver
[   47.712817] device-mapper: uevent: version 1.0.3
[   47.712859] device-mapper: ioctl: 4.34.0-ioctl (2015-10-28) initialised: dm-devel@redhat.com
[   47.712872] ledtrig-cpu: registered to indicate activity on CPUs
[   47.713441] NET: Registered protocol family 10
[   47.713580] NET: Registered protocol family 17
[   47.713588] Key type dns_resolver registered
[   47.713805] registered taskstats version 1
[   47.713849] Loading compiled-in X.509 certificates
[   47.714487] Loaded X.509 cert 'Build time autogenerated kernel key: fc7b57a7df019f2655f66a8a374d74ee8f4999fc'
[   47.714517] zswap: loaded using pool lzo/zbud
[   47.716137] Key type trusted registered
[   47.718516] Key type encrypted registered
[   47.718520] AppArmor: AppArmor sha1 policy hashing enabled
[   47.718523] ima: No TPM chip found, activating TPM-bypass!
[   47.718538] evm: HMAC attrs: 0x1
[   47.718720]   Magic number: 6:39:419
[   47.889322] rtc_cmos rtc_cmos: setting system clock to 2018-06-27 06:25:56 UTC (1530080756)
[   47.889564] BIOS EDD facility v0.16 2004-Jun-25, 0 devices found
[   47.889565] EDD information not available.
[   58.690426] Freeing unused kernel memory: 1512K
[   58.864081] Write protecting the kernel read-only data: 14336k
[   59.073724] Freeing unused kernel memory: 1688K
[   59.239629] Freeing unused kernel memory: 96K
Loading, please [   59.408622] random: systemd-udevd: uninitialized urandom read (16 bytes read, 7 bits of entropy available)
wait...
startin[   59.409141] random: udevadm: uninitialized urandom read (16 bytes read, 7 bits of entropy available)
g version 229
[   59.409160] random: udevadm: uninitialized urandom read (16 bytes read, 7 bits of entropy available)
[   59.418293] random: udevadm: uninitialized urandom read (16 bytes read, 7 bits of entropy available)
[   59.418335] random: udevadm: uninitialized urandom read (16 bytes read, 7 bits of entropy available)
[   59.418518] random: udevadm: uninitialized urandom read (16 bytes read, 7 bits of entropy available)
[   59.418571] random: udevadm: uninitialized urandom read (16 bytes read, 7 bits of entropy available)
[   59.418623] random: udevadm: uninitialized urandom read (16 bytes read, 7 bits of entropy available)
[   59.418676] random: udevadm: uninitialized urandom read (16 bytes read, 7 bits of entropy available)
[   59.418726] random: udevadm: uninitialized urandom read (16 bytes read, 7 bits of entropy available)
[   62.712774] e1000: Intel(R) PRO/1000 Network Driver - version 7.3.21-k8-NAPI
[   62.934452] e1000: Copyright (c) 1999-2006 Intel Corporation.
[   63.099356] Fusion MPT base driver 3.04.20
[   63.226791] Copyright (c) 1999-2008 LSI Corporation
[   63.316917] Fusion MPT SPI Host driver 3.04.20
[   63.456773] AVX version of gcm_enc/dec engaged.
[   63.463929] mptbase: ioc0: Initiating bringup
[   63.733757] AES CTR mode by8 optimization enabled
[   63.886803] input: ImExPS/2 Generic Explorer Mouse as /devices/platform/i8042/serio1/input/input4
[   64.224641] ioc0: LSI53C1030 A0: Capabilities={Initiator}
[   64.599078] scsi host2: ioc0: LSI53C1030 A0, FwRev=00000000h, Ports=1, MaxQ=256, IRQ=20
[   65.024115] scsi 2:0:0:0: Direct-Access     VBOX     HARDDISK         1.0  PQ: 0 ANSI: 5
[   65.321285] scsi target2:0:0: Beginning Domain Validation
[   65.489975] scsi target2:0:0: Domain Validation skipping write tests
[   65.708825] scsi target2:0:0: Ending Domain Validation
[   65.862306] scsi target2:0:0: asynchronous
[   65.977071] scsi 2:0:1:0: Direct-Access     VBOX     HARDDISK         1.0  PQ: 0 ANSI: 5
[   66.249131] scsi target2:0:1: Beginning Domain Validation
[   66.449257] scsi target2:0:1: Domain Validation skipping write tests
[   66.464171] e1000 0000:00:03.0 eth0: (PCI:33MHz:32-bit) 02:b0:72:86:cc:22
[   66.464175] e1000 0000:00:03.0 eth0: Intel(R) PRO/1000 Network Connection
[   66.718770] e1000 0000:00:03.0 enp0s3: renamed from eth0
[   67.141782] scsi target2:0:1: Ending Domain Validation
[   67.332713] scsi target2:0:1: asynchronous
[   67.481927] sd 2:0:0:0: Attached scsi generic sg0 type 0
[   67.664958] sd 2:0:1:0: [sdb] 20480 512-byte logical blocks: (10.5 MB/10.0 MiB)
[   67.665024] sd 2:0:0:0: [sda] 20971520 512-byte logical blocks: (10.7 GB/10.0 GiB)
[   67.672062] sd 2:0:1:0: Attached scsi generic sg1 type 0
[   68.330079] sd 2:0:0:0: [sda] Write Protect is off
[   68.494618] sd 2:0:1:0: [sdb] Write Protect is off
[   68.646865] sd 2:0:0:0: [sda] Incomplete mode parameter data
[   68.834301] sd 2:0:0:0: [sda] Assuming drive cache: write through
[   68.864201] sd 2:0:1:0: [sdb] Incomplete mode parameter data
[   68.864203] sd 2:0:1:0: [sdb] Assuming drive cache: write through
[   69.049440] sd 2:0:1:0: [sdb] Attached SCSI disk
[   69.578153]  sda: sda1
[   69.656010] sd 2:0:0:0: [sda] Attached SCSI disk
Begin: Loading e[   71.131149] md: linear personality registered for level -1
ssential drivers[   71.332467] md: multipath personality registered for level -4
 ... [   71.548345] md: raid0 personality registered for level 0
[   71.744142] md: raid1 personality registered for level 1
[   71.983886] raid6: sse2x1   gen()  8424 MB/s
[   72.199926] raid6: sse2x1   xor()  5177 MB/s
[   72.411882] raid6: sse2x2   gen() 10245 MB/s
[   72.635901] raid6: sse2x2   xor()  7057 MB/s
[   72.843545] raid6: sse2x4   gen() 10791 MB/s
[   73.039534] raid6: sse2x4   xor()  7441 MB/s
[   73.195793] raid6: using algorithm sse2x4 gen() 10791 MB/s
[   73.384028] raid6: .... xor() 7441 MB/s, rmw enabled
[   73.556340] raid6: using ssse3x2 recovery algorithm
[   73.730495] xor: automatically using best checksumming function:
[   73.963909]    avx       : 17204.000 MB/sec
[   74.081928] async_tx: api initialized (async)
[   74.232579] md: raid6 personality registered for level 6
[   74.409228] md: raid5 personality registered for level 5
[   74.582781] md: raid4 personality registered for level 4
[   74.778946] md: raid10 personality registered for level 10
done.
Begin: Running /scripts/i[   74.994171] Btrfs loaded
nit-premount ... done.
Begin: Mounting root file system ... Begin: Running /scripts/local-top ... done.
Begin: Running /scripts/local-premount ... Scanning for Btrfs filesystems
done.
Warning: fsck not present, so sk[   75.145271] EXT4-fs (sda1): mounted filesystem with ordered data mode. Opts: (null)
ipping root file system
done.
Begin: Running /scripts/local-bottom ... done.
Begin: Running /scripts/init-bottom ... done.
[   75.767715] random: nonblocking pool is initialized
[   75.939540] systemd[1]: systemd 229 running in system mode. (+PAM +AUDIT +SELINUX +IMA +APPARMOR +SMACK +SYSVINIT +UTMP +LIBCRYPTSETUP +GCRYPT +GNUTLS +ACL +XZ -LZ4 +SECCOMP +BLKID +ELFUTILS +KMOD -IDN)
[   76.516596] systemd[1]: Detected virtualization oracle.
[   76.687584] systemd[1]: Detected architecture x86-64.

Welcome to [1mUbuntu 16.04.4 LTS[0m!

[   76.931113] systemd[1]: Set hostname to <ubuntu-xenial>.
[   77.857339] systemd[1]: Reached target System Time Synchronized.
[[0;32m  OK  [0m] Reached target System Time Synchronized.
[   78.140786] systemd[1]: Started Forward Password Requests to Wall Directory Watch.
[[0;32m  OK  [0m] Started Forward Password Requests to Wall Directory Watch.
[   78.472816] systemd[1]: Listening on Device-mapper event daemon FIFOs.
[[0;32m  OK  [0m] Listening on Device-mapper event daemon FIFOs.
[   78.793319] systemd[1]: Created slice System Slice.
[[0;32m  OK  [0m] Created slice System Slice.
[   79.027320] systemd[1]: Reached target Swap.
[[0;32m  OK  [0m] Reached target Swap.
[   79.240784] systemd[1]: Listening on Syslog Socket.
[[0;32m  OK  [0m] Listening on Syslog Socket.
[   79.458892] systemd[1]: Listening on Journal Socket (/dev/log).
[[0;32m  OK  [0m] Listening on Journal Socket (/dev/log).
[   79.744326] systemd[1]: Started Trigger resolvconf update for networkd DNS.
[[0;32m  OK  [0m] Started Trigger resolvconf update for networkd DNS.
[   80.080776] systemd[1]: Created slice system-serial\x2dgetty.slice.
[[0;32m  OK  [0m] Created slice system-serial\x2dgetty.slice.
[   80.372796] systemd[1]: Reached target Encrypted Volumes.
[[0;32m  OK  [0m] Reached target Encrypted Volumes.
[   80.573434] systemd[1]: Set up automount Arbitrary Executable File Formats File System Automount Point.
[[0;32m  OK  [0m] Set up automount Arbitrary Executab...ats File System Automount Point.
[   81.040264] systemd[1]: Listening on Journal Socket.
[[0;32m  OK  [0m] Listening on Journal Socket.
[   81.276702] systemd[1]: Starting Create list of required static device nodes for the current kernel...
         Starting Create list of required st... nodes for the current kernel...
[   81.704124] systemd[1]: Mounting Huge Pages File System...
         Mounting Huge Pages File System...
[   81.964104] systemd[1]: Starting Nameserver information manager...
         Starting Nameserver information manager...
[   82.276107] systemd[1]: Starting Load Kernel Modules...
[   82.429917] Loading iSCSI transport class v2.0-870.
         Startin[   82.623086] iscsi: registered transport (tcp)
g Load Kernel Modules...
[   82.805559] iscsi: registered transport (iser)
[   82.979592] systemd[1]: Mounting Debug File System...
         Mounting Debug File System...
[   83.228582] systemd[1]: Mounting POSIX Message Queue File System...
         Mounting POSIX Message Queue File System...
[   83.520199] systemd[1]: Starting Uncomplicated firewall...
         Starting Uncomplicated firewall...
[   83.760307] systemd[1]: Listening on udev Control Socket.
[[0;32m  OK  [0m] Listening on udev Control Socket.
[   84.012709] systemd[1]: Listening on udev Kernel Socket.
[[0;32m  OK  [0m] Listening on udev Kernel Socket.
[   84.269196] systemd[1]: Created slice User and Session Slice.
[[0;32m  OK  [0m] Created slice User and Session Slice.
[   84.544838] systemd[1]: Reached target Slices.
[[0;32m  OK  [0m] Reached target Slices.
[   84.757890] systemd[1]: Listening on LVM2 metadata daemon socket.
[[0;32m  OK  [0m] Listening on LVM2 metadata daemon socket.
[   85.063716] systemd[1]: Starting Monitoring of LVM2 mirrors, snapshots etc. using dmeventd or progress polling...
         Starting Monitoring of LVM2 mirrors... dmeventd or progress polling...
[   85.517471] systemd[1]: Listening on /dev/initctl Compatibility Named Pipe.
[[0;32m  OK  [0m] Listening on /dev/initctl Compatibility Named Pipe.
[   85.868124] systemd[1]: Starting Remount Root and Kernel File Systems...
[   85.886411] EXT4-fs (sda1): re-mounted. Opts: (null)
         Starting Remount Root and Kernel File Systems...
[   86.352709] systemd[1]: Reached target User and Group Name Lookups.
[[0;32m  OK  [0m] Reached target User and Group Name Lookups.
[   86.652089] systemd[1]: Listening on Journal Audit Socket.
[[0;32m  OK  [0m] Listening on Journal Audit Socket.
[   86.928125] systemd[1]: Starting Journal Service...
         Starting Journal Service...
[   87.148800] systemd[1]: Listening on LVM2 poll daemon socket.
[[0;32m  OK  [0m] Listening on LVM2 poll daemon socket.
[   87.459701] systemd[1]: Starting Set console keymap...
         Starting Set console keymap...
[   87.698051] systemd[1]: Mounted Debug File System.
[[0;32m  OK  [0m] Mounted Debug File System.
[   87.908709] systemd[1]: Mounted POSIX Message Queue File System.
[[0;32m  OK  [0m] Mounted POSIX Message Queue File System.
[   88.208230] systemd[1]: Mounted Huge Pages File System.
[[0;32m  OK  [0m] Mounted Huge Pages File System.
[   88.488843] systemd[1]: Started Journal Service.
[[0;32m  OK  [0m] Started Journal Service.
[[0;32m  OK  [0m] Started Create list of required sta...ce nodes for the current kernel.
[[0;32m  OK  [0m] Started Load Kernel Modules.
[[0;32m  OK  [0m] Started Uncomplicated firewall.
[[0;32m  OK  [0m] Started Remount Root and Kernel File Systems.
[[0;32m  OK  [0m] Started Set console keymap.
[[0;32m  OK  [0m] Started Nameserver information manager.
[[0;32m  OK  [0m] Started LVM2 metadata daemon.
         Starting Load/Save Random Seed...
         Starting udev Coldplug all Devices...
         Mounting FUSE Control File System...
         Starting Apply Kernel Variables...
         Starting Create Static Device Nodes in /dev...
         Starting Flush Journal to Persistent Storage...
[[0;32m  OK  [0m] Mounted FUSE Control File System.
[[0;32m  OK  [0m] Started Monitoring of LVM2 mirrors,...ng dmeventd or progress polling.
[[0;32m  OK  [0m] Started Load/Save Random Seed.
[[0;32m  OK  [0m] Started Apply Kernel Variables.
[[0;32m  OK  [0m] Started Create Static Device Nodes in /dev.
[[0;32m  OK  [0m] Started udev Coldplug all Devices.
         Starting udev Kernel Device Manager...
[[0;32m  OK  [0m] Started Flush Journal to Persistent Storage.
[[0;32m  OK  [0m] Started udev Kernel Device Manager.
[[0;32m  OK  [0m] Started Dispatch Password Requests to Console Directory Watch.
[[0;32m  OK  [0m] Reached target Local File Systems (Pre).
[[0;32m  OK  [0m] Reached target Local File Systems.
         Starting Initial cloud-init job (pre-networking)...
         Starting LSB: AppArmor initialization...
         Starting Set console font and keymap...
         Starting Tell Plymouth To Write Out Runtime Data...
         Starting Create Volatile Files and Directories...
[[0;32m  OK  [0m] Started Tell Plymouth To Write Out Runtime Data.
[[0;32m  OK  [0m] Started Create Volatile Files and Directories.
[[0;32m  OK  [0m] Started Set console font and keymap.
[[0;32m  OK  [0m] Found device /dev/ttyS0.
[[0;32m  OK  [0m] Listening on Load/Save RF Kill Switch Status /dev/rfkill Watch.
[[0;32m  OK  [0m] Created slice system-getty.slice.
         Starting Update UTMP about System Boot/Shutdown...
[[0;32m  OK  [0m] Started LSB: AppArmor initialization.
[[0;32m  OK  [0m] Started Update UTMP about System Boot/Shutdown.
[   53.752844] cloud-init[522]: Cloud-init v. 18.2 running 'init-local' at Wed, 27 Jun 2018 06:26:42 +0000. Up 53.26 seconds.
[[0;32m  OK  [0m] Started Initial cloud-init job (pre-networking).
[[0;32m  OK  [0m] Reached target Network (Pre).
[[0;32m  OK  [0m] Started ifup for enp0s3.
         Starting Raise network interfaces...
[[0;32m  OK  [0m] Started Raise network interfaces.
         Starting Initial cloud-init job (metadata service crawler)...
[[0;32m  OK  [0m] Reached target Network.
[   55.376460] cloud-init[983]: Cloud-init v. 18.2 running 'init' at Wed, 27 Jun 2018 06:26:43 +0000. Up 54.76 seconds.
[[0;32m  OK  [0m] Started Initial cloud-init job (metadata service crawler).
[[0;32m  OK  [0m] Reached target Network is Online.
[   55.527385] cloud-init[983]: ci-info: +++++++++++++++++++++++++++++++++++++Net device info++++++++++++++++++++++++++++++++++++++
[   55.917381]          cloud-initStarting iSCSI initiator daemon (iscsid)...[983]: 
ci-info: +--------+------+----------------------------+---------------+-------+-------------------+
[   56.192784] [cloud-init[0;32m  OK  [0m[983]: ] ci-info: | Device |  Up  |          Address           |      Mask     | Scope |     Hw-Address    |Reached target System Initialization.

[[0;32m  OK  [0m] Listening on D-Bus System Message Bus Socket.
[   56.193614] cloud-init[983]: ci-info: +--------+------+----------------------------+---------------+-------+-------------------+
[   56.772866]          cloud-initStarting Socket activation for snappy daemon.[983]: 
ci-info: | enp0s3 | True |         10.0.2.15          | 255.255.255.0 |   .   | 02:b0:72:86:cc:22 |
[   57.066269] [cloud-init[0;32m  OK  [0m[983]: ] ci-info: | enp0s3 | True | fe80::b0:72ff:fe86:cc22/64 |       .       |  link | 02:b0:72:86:cc:22 |Started Daily apt download activities.

[   57.067014] cloud-init[983]: ci-info: |   lo   | True |         127.0.0.1          |   255.0.0.0   |   .   |         .         |
[   57.557219] cloud-init[983]: ci-info: |   lo   | True |          ::1/128           |       .       |  host |         .         |
         Starting LXD - unix socket.
[   57.557927] [cloud-init[0;32m  OK  [0m[983]: ] ci-info: +--------+------+----------------------------+---------------+-------+-------------------+Listening on UUID daemon activation socket.

[   58.112900] [cloud-init[0;32m  OK  [0m[983]: ] ci-info: +++++++++++++++++++++++++++Route IPv4 info++++++++++++++++++++++++++++Started Daily apt upgrade and clean activities.

[[0;32m  OK  [0m] Listening on ACPID Listen Socket.
[[0;32m  OK  [0m] Started Daily Cleanup of Temporary Directories.
[   58.113783] cloud-init[983]: ci-info: +-------+-------------+----------+---------------+-----------+-------+
[   58.725153] [cloud-init[0;32m  OK  [0m[983]: ] ci-info: | Route | Destination | Gateway  |    Genmask    | Interface | Flags |Reached target Timers.

[   58.725530] cloud-init[983]: ci-info: +-------+-------------+----------+---------------+-----------+-------+
[   59.145238] [cloud-init[0;32m  OK  [0m[983]: ] ci-info: |   0   |   0.0.0.0   | 10.0.2.2 |    0.0.0.0    |   enp0s3  |   UG  |Started ACPI Events Check.

[   59.145960] [cloud-init[0;32m  OK  [0m[983]: ] ci-info: |   1   |   10.0.2.0  | 0.0.0.0  | 255.255.255.0 |   enp0s3  |   U   |Reached target Paths.

[   59.373654] [cloud-init[0;32m  OK  [0m[983]: ] ci-info: +-------+-------------+----------+---------------+-----------+-------+Reached target Cloud-config availability.

[[0;32m  OK  [0m] Listening on Socket activation for snappy daemon.
[[0;32m  OK  [0m] Listening on LXD - unix socket.
[[0;32m  OK  [0m] Started iSCSI initiator daemon (iscsid).
         Starting Login to default iSCSI targets...
[[0;32m  OK  [0m] Reached target Sockets.
[[0;32m  OK  [0m] Reached target Basic System.
         Starting Daily apt upgrade and clean activities...
[[0;32m  OK  [0m] Started ACPI event daemon.
         Starting LSB: Record successful boot for GRUB...
         Starting Apply the settings specified in cloud-config...
         Starting System Logging Service...
         Starting LSB: MD monitoring daemon...
[[0;32m  OK  [0m] Started Unattended Upgrades Shutdown.
         Starting Accounts Service...
[[0;32m  OK  [0m] Started Deferred execution scheduler.
         Starting LXD - container startup/shutdown...
         Starting Login Service...
[   61.352132] cloud-init[1063]: Cloud-init v. 18.2 running 'modules:config' at Wed, 27 Jun 2018 06:26:49 +0000. Up 60.94 seconds.
[[0;32m  OK  [0m] Started D-Bus System Message Bus.
         Starting OpenBSD Secure Shell server...
[[0;32m  OK  [0m] Started Regular background program processing daemon.
         Starting /etc/rc.local Compatibility...
         Starting Virtualbox guest utils...
[[0;32m  OK  [0m] Started FUSE filesystem for LXC.
         Starting Snappy daemon...
[[0;32m  OK  [0m] Started System Logging Service.
[[0;32m  OK  [0m] Started OpenBSD Secure Shell server.
[[0;32m  OK  [0m] Started Apply the settings specified in cloud-config.
[[0;32m  OK  [0m] Started LXD - container startup/shutdown.
[[0;32m  OK  [0m] Started /etc/rc.local Compatibility.
[[0;32m  OK  [0m] Started LSB: Record successful boot for GRUB.
[[0;32m  OK  [0m] Started LSB: MD monitoring daemon.
[[0;32m  OK  [0m] Started Login to default iSCSI targets.
[[0;32m  OK  [0m] Started Virtualbox guest utils.
[[0;32m  OK  [0m] Started Snappy daemon.
[[0;32m  OK  [0m] Started Login Service.
         Starting Wait until snapd is fully seeded...
[[0;32m  OK  [0m] Reached target Remote File Systems (Pre).
[[0;32m  OK  [0m] Reached target Remote File Systems.
         Starting LSB: automatic crash report generation...
         Starting Permit User Sessions...
         Starting LSB: Set the CPU Frequency Scaling governor to "ondemand"...
         Starting LSB: daemon to balance interrupts for SMP systems...
         Starting Authenticate and Authorize Users to Run Privileged Tasks...
[[0;32m  OK  [0m] Started Wait until snapd is fully seeded.
[[0;32m  OK  [0m] Started Permit User Sessions.
[[0;32m  OK  [0m] Started Authenticate and Authorize Users to Run Privileged Tasks.
[[0;32m  OK  [0m] Started Accounts Service.
[[0;32m  OK  [0m] Started LSB: Set the CPU Frequency Scaling governor to "ondemand".
[[0;32m  OK  [0m] Started LSB: automatic crash report generation.
         Starting Terminate Plymouth Boot Screen...
         Starting Hold until boot process finishes up...
[[0;32m  OK  [0m] Started LSB: daemon to balance interrupts for SMP systems.
[[0;32m  OK  [0m] Started Terminate Plymouth Boot Screen.
[[0;32m  OK  [0m] Started Hold until boot process finishes up.
         Starting Set console scheme...
[[0;32m  OK  [0m] Started Serial Getty on ttyS0.
[[0;32m  OK  [0m] Started Getty on tty1.
[[0;32m  OK  [0m] Reached target Login Prompts.
[[0;32m  OK  [0m] Reached target Multi-User System.
         Starting Execute cloud user/final scripts...
[[0;32m  OK  [0m] Reached target Graphical Interface.
         Starting Update UTMP about System Runlevel Changes...
[[0;32m  OK  [0m] Started Set console scheme.
[[0;32m  OK  [0m] Started Update UTMP about System Runlevel Changes.
[   65.248670] cloud-init[1264]: Cloud-init v. 18.2 running 'modules:final' at Wed, 27 Jun 2018 06:26:53 +0000. Up 65.12 seconds.
[   65.329883] cloud-init[1264]: Cloud-init v. 18.2 finished at Wed, 27 Jun 2018 06:26:54 +0000. Datasource DataSourceNoCloud [seed=/dev/sdb][dsmode=net].  Up 65.24 seconds
[[0;32m  OK  [0m] Started Execute cloud user/final scripts.
[[0;32m  OK  [0m] Reached target Cloud-init target.
[[0;32m  OK  [0m] Created slice User Slice of vagrant.
         Starting User Manager for UID 1000...
[[0;32m  OK  [0m] Started User Manager for UID 1000.
[[0;32m  OK  [0m] Started Session 1 of user vagrant.
         Stopping User Manager for UID 1000...
[[0;32m  OK  [0m] Stopped User Manager for UID 1000.
[[0;32m  OK  [0m] Removed slice User Slice of vagrant.

Ubuntu 16.04.4 LTS ubuntu-xenial ttyS0

ubuntu-xenial login: 